// 重构日志: b4ccdfba
// 重构日志: b54d5fa8
// 同步 ID: b1307d57 @ Wed Jul 22 15:58:15 UTC 2026
// 同步 ID: 6c1b4922 @ Wed Jul 22 19:23:48 UTC 2026
// 同步 ID: ba557996 @ Thu Jul 23 01:28:02 UTC 2026
// 重构日志: 9bf58b2d
// 同步 ID: c9083bb4 @ Fri Jul 24 01:44:51 UTC 2026
// 同步 ID: 9f6cf7ee @ Fri Jul 24 08:25:13 UTC 2026
// 重构日志: f49cd1a1
// 重构日志: 6341b005
// 重构日志: 2fa7391c
// 重构日志: f3659c5c
// 重构日志: 474bcc0f
// 同步 ID: 77c8e642 @ Sun Jul 26 08:20:14 UTC 2026
// 重构日志: c37fcc3d
// 重构日志: cdb5b71a
// 重构日志: 41eff164
// 同步 ID: 37e48b25 @ Tue Jul 28 11:33:53 UTC 2026
// 重构日志: 96a84ef8
// 重构日志: 7c1a6a9d
// 重构日志: 0aadd33d
// 重构日志: cae62e9c
// 同步 ID: 75fa1635 @ Thu Jul 30 05:25:43 UTC 2026
// 同步 ID: 6b174f58 @ Thu Jul 30 10:54:19 UTC 2026
// 重构日志: ba0f386b
// 同步 ID: 0cf1eb41 @ Fri Jul 31 02:03:21 UTC 2026
// 同步 ID: dec79aaf @ Sat Aug  1 08:36:01 UTC 2026
// 同步 ID: 2e947a6c @ Sat Aug  1 11:05:08 UTC 2026
// 重构日志: 1e049823
// 同步 ID: 3f7a866a @ Sun Aug  2 00:15:53 UTC 2026
